<html>
<body>
<pre>
<h1>�Vision Build Log</h1>
<h2>Tool Versions:</h2>
IDE-Version: ��Vision V5.42.0.0
Copyright (C) 2025 ARM Ltd and ARM Germany GmbH. All rights reserved.
License Information: . lx, ., LIC=EPPLD-8UTA3-ZEYH2-9NHWV-XWRZ9-9I2GV
 
Tool Versions:
Toolchain:       MDK-ARM Professional  Version: 5.42.0.0
Toolchain Path:  D:\keil5-ARM-5.42a\ARM\ARMCLANG\Bin
C Compiler:      ArmClang.exe V6.23
Assembler:       Armasm.exe V6.23
Linker/Locator:  ArmLink.exe V6.23
Library Manager: ArmAr.exe V6.23
Hex Converter:   FromElf.exe V6.23
CPU DLL:         SARMCM3.DLL V5.42.0.0
Dialog DLL:      DCM.DLL V1.17.5.0
Target DLL:      CMSIS_AGDI.dll V1.33.22.0
Dialog DLL:      TCM.DLL V1.56.6.0
 
<h2>Project:</h2>
D:\smartcar\lwx-smartcar2025\D_car_2025\D_car_2025\mdk\mm32f327x_g8p.uvprojx
Project File Date:  07/13/2025

<h2>Output:</h2>
*** Using Compiler 'V6.23', folder: 'D:\keil5-ARM-5.42a\ARM\ARMCLANG\Bin'
Build target 'mm32f327x_g8p_project'
../USER/src/main.c(95): warning: incompatible pointer types passing 'uint8[120][188]' (aka 'unsigned char[120][188]') to parameter of type 'uint8 *' (aka 'unsigned char *') [-Wincompatible-pointer-types]
   95 |                                 threshold = otsu_get_threshold(image_copy, MT9V03X_W, MT9V03X_H); // 图像获取阈值
      |                                                                ^~~~~~~~~~
../code\Image Binarization.h(15): note: passing argument to parameter 'image' here
   15 | int otsu_get_threshold(uint8 *image, uint16 col, uint16 row);
      |                               ^
1 warning generated.
compiling main.c...
linking...
Program Size: Code=54776 RO-data=4008 RW-data=296 ZI-data=87176  
".\Objects\MM32F327X_G8P.axf" - 0 Error(s), 1 Warning(s).

<h2>Software Packages used:</h2>

Package Vendor: MindMotion
                http://www.mindmotion.com.cn/Download/MDK_KEIL/MindMotion.MM32F3270_DFP.1.0.5.pack
                MindMotion::MM32F3270_DFP@1.0.5
                MindMotion MM32F3270 Series Device Support, Drivers and Examples

<h2>Collection of Component include folders:</h2>
  D:/keil5-ARM-5.42a/PACK/MindMotion/MM32F3270_DFP/1.0.5/Device/MM32F327x/Include

<h2>Collection of Component Files used:</h2>
Build Time Elapsed:  00:00:04
</pre>
</body>
</html>
